// Jest Snapshot v1, https://goo.gl/fbAQLP

exports[`App renders correctly 1`] = `
<div
  className="App"
>
  <header
    className="App-header"
  >
    <p>
      Hello World!
    </p>
  </header>
</div>
`;
